root@srv805777:/var/www/ai-video-creator# pm2 logs ai-video-creator --lines 20
[TAILING] Tailing last 20 lines for [ai-video-creator] process (change the value with --lines option)
/root/.pm2/logs/ai-video-creator-error.log last 20 lines:
/root/.pm2/logs/ai-video-creator-out.log last 20 lines:
0|ai-video | 4:33:50 PM [express] serving on port 5000

^C
root@srv805777:/var/www/ai-video-creator# curl http://localhost:5000
<!DOCTYPE html>
<html lang="en">
  <head>
    <script type="module">
import { createHotContext } from "/@vite/client";
const hot = createHotContext("/__dummy__runtime-error-plugin");

function sendError(error) {
  if (!(error instanceof Error)) {
    error = new Error("(unknown runtime error)");
  }
  const serialized = {
    message: error.message,
    stack: error.stack,
  };
  hot.send("runtime-error-plugin:error", serialized);
}

window.addEventListener("error", (evt) => {
  sendError(evt.error);
});

window.addEventListener("unhandledrejection", (evt) => {
  sendError(evt.reason);
});
</script>

    <script type="module">
import RefreshRuntime from "/@react-refresh"
RefreshRuntime.injectIntoGlobalHook(window)
window.$RefreshReg$ = () => {}
window.$RefreshSig$ = () => (type) => type
window.__vite_plugin_react_preamble_installed__ = true
</script>

    <script type="module" src="/@vite/client"></script>

    <meta charset="UTF-8" />
    <meta name="viewport" content="width=device-width, initial-scale=1.0, maximum-scale=1" />
  </head>
  <body>
    <div id="root"></div>
    <script type="module" src="/src/main.tsx?v=YOL1HEHsvRUxI73XUx5s1"></script>
    <!-- This is a replit script which adds a banner on the top of the page when opened in development mode outside the replit environment -->
    <script type="text/javascript" src="https://replit.com/public/js/replit-dev-banner.js"></script>
  </body>
root@srv805777:/var/www/ai-video-creator# netstat -tulpn | grep node
tcp        0      0 0.0.0.0:5000            0.0.0.0:*               LISTEN      5577/node           
root@srv805777:/var/www/ai-video-creator# ufw allow 5000/tcp
Rules updated
Rules updated (v6)
root@srv805777:/var/www/ai-video-creator# iptables -A INPUT -p tcp --dport 5000 -j ACCEPT
iptables-save > /etc/iptables/rules.v4
-bash: /etc/iptables/rules.v4: No such file or directory
root@srv805777:/var/www/ai-video-creator# 